{"error":{"is_crash":true,"kind":"INVALID","message":"\n\n fatal error: OutOfMemory encountered: Java heap space\nJRE version: OpenJDK Runtime Environment (Zulu 8.70.0.23-CA-macos-aarch64) (8.0_372-b07) (build 1.8.0_372-b07)\nJava VM: OpenJDK 64-Bit Server VM (25.372-b07 mixed mode bsd-aarch64 compressed oops)\n\nNative frames: (J=compiled Java code, j=interpreted, Vv=VM code, C=native code)\nV  [libjvm.dylib+0x565d30]  VMError::report_and_die()+0x468\nV  [libjvm.dylib+0x1941a0]  report_vm_error(char const*, int, char const*, char const*)+0x5c\nV  [libjvm.dylib+0x1943d8]  report_java_out_of_memory(char const*)+0xfc\nV  [libjvm.dylib+0x70430]  CollectedHeap::common_mem_allocate_noinit(KlassHandle, unsigned long, Thread*)+0x128\nV  [libjvm.dylib+0x53eba8]  TypeArrayKlass::allocate_common(int, bool, Thread*)+0xfc\nV  [libjvm.dylib+0x285b6c]  InterpreterRuntime::newarray(JavaThread*, BasicType, int)+0x48\nj  datadog.smoketest.crashtracking.CrashtrackingTestApplication.main([Ljava/lang/String;)V+105\nv  ~StubRoutines::call_stub\nV  [libjvm.dylib+0x28f86c]  JavaCalls::call_helper(JavaValue*, methodHandle*, JavaCallArguments*, Thread*)+0x840\nV  [libjvm.dylib+0x2d3b44]  jni_invoke_static(JNIEnv_*, JavaValue*, _jobject*, JNICallType, _jmethodID*, JNI_ArgumentPusher*, Thread*)+0x294\nV  [libjvm.dylib+0x2d7160]  jni_CallStaticVoidMethod+0x188\nC  [java+0x6404]  JavaMain+0xa10\nC  [libsystem_pthread.dylib+0x6f94]  _pthread_start+0x88\nC  [libsystem_pthread.dylib+0x1d34]  thread_start+0x8\n","source_type":"crashtracking","stack":{"format":"CrashTrackerV1","frames":[{"function":"VMError::report_and_die()","line":0},{"function":"report_vm_error(char const*, int, char const*, char const*)","line":0},{"function":"report_java_out_of_memory(char const*)","line":0},{"function":"CollectedHeap::common_mem_allocate_noinit(KlassHandle, unsigned long, Thread*)","line":0},{"function":"TypeArrayKlass::allocate_common(int, bool, Thread*)","line":0},{"function":"InterpreterRuntime::newarray(JavaThread*, BasicType, int)","line":0},{"function":"datadog.smoketest.crashtracking.CrashtrackingTestApplication.main([Ljava/lang/String;)V","line":0},{"function":" ~StubRoutines::call_stub","line":0},{"function":"JavaCalls::call_helper(JavaValue*, methodHandle*, JavaCallArguments*, Thread*)","line":0},{"function":"jni_invoke_static(JNIEnv_*, JavaValue*, _jobject*, JNICallType, _jmethodID*, JNI_ArgumentPusher*, Thread*)","line":0},{"function":"jni_CallStaticVoidMethod","line":0},{"function":"JavaMain","line":0},{"function":"_pthread_start","line":0},{"function":"thread_start","line":0}]}},"incomplete":false,"metadata":{"family":"java","library_name":"dd-trace-java","library_version":"1.42.0-SNAPSHOT~aa29078ace","tags":{}},"os_info":{"architecture":"aarch64","bitness":"64","os_type":"Mac OS X","version":{"Semantic":[14,7,0]}},"proc_info":{"pid":"96267"},"uuid":"bfe4e4b4-b59f-4954-bee3-91f60e653e61","version_id":0}
