{"error":{"is_crash":true,"kind":"SIGSEGV","message":"\n\nJRE version: OpenJDK Runtime Environment Temurin-22.0.1+8 (22.0.1+8) (build 22.0.1+8)\nJava VM: OpenJDK 64-Bit Server VM Temurin-22.0.1+8 (22.0.1+8, mixed mode, sharing, tiered, compressed oops, compressed class ptrs, g1 gc, linux-amd64)\nProblematic frame:\nC  [libpthread.so.0+0x9cd5]  __pthread_clockjoin_ex+0x255\n\nNative frames: (J=compiled Java code, j=interpreted, Vv=VM code, C=native code)\nC  [redacted]\n","source_type":"crashtracking","stack":{"format":"CrashTrackerV1","frames":[{"function":"[redacted]","line":0}]}},"incomplete":false,"metadata":{"family":"java","library_name":"dd-trace-java","library_version":"1.40.0-SNAPSHOT~b4718bd887","tags":{}},"os_info":{"architecture":"aarch64","bitness":"64","os_type":"Mac OS X","version":{"Semantic":[14,6,1]}},"proc_info":{"pid":"576034"},"timestamp":"2024-09-20T13:19:06Z","uuid":"477a8d3f-d381-4352-a2a9-76eeefeef242","version_id":0}
