[[{"name" "servlet.request"
   "service" "smoke-test-java-app"
   "resource" "GET /randomEndpoint"
   "type" "web"
   "error" 1
   "span_id" 0
   "trace_id" 0
   "parent_id" nil
   "start" 1618011723914025616
   "duration" 121760759
   "meta" {"env" "smoketest"
           "language" "jvm"
           "runtime-id" "fc5c927a-eb1a-4498-af46-731a5f2b0ce1"
           "version" "99"
           "http.url" "http://localhost:57690/randomEndpoint"
           "http.hostname" "localhost"
           "http.useragent" "okhttp/x.x.x"
           "http.client_ip" "127.0.0.1"
           "component" "liberty-server"
           "error.msg" "SRVE0295E: Error reported: 404"
           "thread.name" "Default Executor-thread-13"
           "peer.ipv4" "127.0.0.1"
           "http.status_code" "500"
           "span.kind" "server"
           "http.method" "GET"
           "error.stack" "org.springframework.http.converter.HttpMessageNotWritableException: No converter for [class java.util.LinkedHashMap] with preset Content-Type 'text/html;charset=UTF-8'\n\tat org.springframework.web.servlet.mvc.method.annotation.AbstractMessageConverterMethodProcessor.writeWithMessageConverters(AbstractMessageConverterMethodProcessor.java:309)\n\tat org.springframework.web.servlet.mvc.method.annotation.HttpEntityMethodProcessor.handleReturnValue(HttpEntityMethodProcessor.java:219)\n\tat org.springframework.web.method.support.HandlerMethodReturnValueHandlerComposite.handleReturnValue(HandlerMethodReturnValueHandlerComposite.java:82)\n\tat org.springframework.web.servlet.mvc.method.annotation.ServletInvocableHandlerMethod.invokeAndHandle(ServletInvocableHandlerMethod.java:123)\n\tat org.springframework.web.servlet.mvc.method.annotation.RequestMappingHandlerAdapter.invokeHandlerMethod(RequestMappingHandlerAdapter.java:879)\n\tat org.springframework.web.servlet.mvc.method.annotation.RequestMappingHandlerAdapter.handleInternal(RequestMappingHandlerAdapter.java:793)\n\tat org.springframework.web.servlet.mvc.method.AbstractHandlerMethodAdapter.handle(AbstractHandlerMethodAdapter.java:87)\n\tat org.springframework.web.servlet.DispatcherServlet.doDispatch(DispatcherServlet.java:1040)\n\tat org.springframework.web.servlet.DispatcherServlet.doService(DispatcherServlet.java:943)\n\tat org.springframework.web.servlet.FrameworkServlet.processRequest(FrameworkServlet.java:1006)\n\tat org.springframework.web.servlet.FrameworkServlet.doGet(FrameworkServlet.java:898)\n\tat javax.servlet.http.HttpServlet.service(HttpServlet.java:686)\n\tat org.springframework.web.servlet.FrameworkServlet.service(FrameworkServlet.java:883)\n\tat javax.servlet.http.HttpServlet.service(HttpServlet.java:791)\n\tat com.ibm.ws.webcontainer.servlet.ServletWrapper.service(ServletWrapper.java:1257)\n\tat com.ibm.ws.webcontainer.servlet.ServletWrapper.handleRequest(ServletWrapper.java:745)\n\tat com.ibm.ws.webcontainer.servlet.ServletWrapper.handleRequest(ServletWrapper.java:442)\n\tat com.ibm.ws.webcontainer.filter.WebAppFilterChain.invokeTarget(WebAppFilterChain.java:182)\n\tat com.ibm.ws.webcontainer.filter.WebAppFilterChain.doFilter(WebAppFilterChain.java:78)\n\tat com.ibm.ws.webcontainer.filter.WebAppFilterManager.doFilter(WebAppFilterManager.java:1001)\n\tat com.ibm.ws.webcontainer.filter.WebAppFilterManager.invokeFilters(WebAppFilterManager.java:1139)\n\tat com.ibm.ws.webcontainer.filter.WebAppFilterManager.invokeFilters(WebAppFilterManager.java:1010)\n\tat com.ibm.ws.webcontainer.webapp.WebAppRequestDispatcher.dispatch(WebAppRequestDispatcher.java:1410)\n\tat com.ibm.ws.webcontainer.webapp.WebAppRequestDispatcher.forward(WebAppRequestDispatcher.java:171)\n\tat com.ibm.ws.webcontainer.webapp.WebApp.sendError(WebApp.java:4350)\n\tat com.ibm.ws.webcontainer.webapp.WebAppDispatcherContext.sendError(WebAppDispatcherContext.java:647)\n\tat com.ibm.ws.webcontainer.webapp.WebAppDispatcherContext.sendError(WebAppDispatcherContext.java:657)\n\tat com.ibm.ws.webcontainer.srt.SRTServletResponse.sendError(SRTServletResponse.java:1334)\n\tat com.ibm.ws.webcontainer.srt.SRTServletResponse.sendError(SRTServletResponse.java:1310)\n\tat org.springframework.web.servlet.resource.ResourceHttpRequestHandler.handleRequest(ResourceHttpRequestHandler.java:488)\n\tat org.springframework.web.servlet.mvc.HttpRequestHandlerAdapter.handle(HttpRequestHandlerAdapter.java:53)\n\tat org.springframework.web.servlet.DispatcherServlet.doDispatch(DispatcherServlet.java:1040)\n\tat org.springframework.web.servlet.DispatcherServlet.doService(DispatcherServlet.java:943)\n\tat org.springframework.web.servlet.FrameworkServlet.processRequest(FrameworkServlet.java:1006)\n\tat org.springframework.web.servlet.FrameworkServlet.doGet(FrameworkServlet.java:898)\n\tat javax.servlet.http.HttpServlet.service(HttpServlet.java:686)\n\tat org.springframework.web.servlet.FrameworkServlet.service(FrameworkServlet.java:883)\n\tat javax.servlet.http.HttpServlet.service(HttpServlet.java:791)\n\tat com.ibm.ws.webcontainer.servlet.ServletWrapper.service(ServletWrapper.java:1257)\n\tat com.ibm.ws.webcontainer.servlet.ServletWrapper.handleRequest(ServletWrapper.java:745)\n\tat com.ibm.ws.webcontainer.servlet.ServletWrapper.handleRequest(ServletWrapper.java:442)\n\tat com.ibm.ws.webcontainer.filter.WebAppFilterChain.invokeTarget(WebAppFilterChain.java:182)\n\tat com.ibm.ws.webcontainer.filter.WebAppFilterChain.doFilter(WebAppFilterChain.java:93)\n\tat org.springframework.web.filter.RequestContextFilter.doFilterInternal(RequestContextFilter.java:100)\n\tat org.springframework.web.filter.OncePerRequestFilter.doFilter(OncePerRequestFilter.java:119)\n\tat com.ibm.ws.webcontainer.filter.FilterInstanceWrapper.doFilter(FilterInstanceWrapper.java:201)\n\tat com.ibm.ws.webcontainer.filter.WebAppFilterChain.doFilter(WebAppFilterChain.java:90)\n\tat org.springframework.web.filter.FormContentFilter.doFilterInternal(FormContentFilter.java:93)\n\tat org.springframework.web.filter.OncePerRequestFilter.doFilter(OncePerRequestFilter.java:119)\n\tat com.ibm.ws.webcontainer.filter.FilterInstanceWrapper.doFilter(FilterInstanceWrapper.java:201)\n\tat com.ibm.ws.webcontainer.filter.WebAppFilterChain.doFilter(WebAppFilterChain.java:90)\n\tat datadog.trace.instrumentation.springweb.HandlerMappingResourceNameFilter.doFilterInternal(HandlerMappingResourceNameFilter.java:49)\n\tat org.springframework.web.filter.OncePerRequestFilter.doFilter(OncePerRequestFilter.java:119)\n\tat com.ibm.ws.webcontainer.filter.FilterInstanceWrapper.doFilter(FilterInstanceWrapper.java:201)\n\tat com.ibm.ws.webcontainer.filter.WebAppFilterChain.doFilter(WebAppFilterChain.java:90)\n\tat org.springframework.boot.actuate.metrics.web.servlet.WebMvcMetricsFilter.doFilterInternal(WebMvcMetricsFilter.java:109)\n\tat org.springframework.web.filter.OncePerRequestFilter.doFilter(OncePerRequestFilter.java:119)\n\tat com.ibm.ws.webcontainer.filter.FilterInstanceWrapper.doFilter(FilterInstanceWrapper.java:201)\n\tat com.ibm.ws.webcontainer.filter.WebAppFilterChain.doFilter(WebAppFilterChain.java:90)\n\tat org.springframework.web.filter.CharacterEncodingFilter.doFilterInternal(CharacterEncodingFilter.java:201)\n\tat org.springframework.web.filter.OncePerRequestFilter.doFilter(OncePerRequestFilter.java:119)\n\tat com.ibm.ws.webcontainer.filter.FilterInstanceWrapper.doFilter(FilterInstanceWrapper.java:201)\n\tat com.ibm.ws.webcontainer.filter.WebAppFilterChain.doFilter(WebAppFilterChain.java:90)\n\tat com.ibm.ws.webcontainer.filter.WebAppFilterManager.doFilter(WebAppFilterManager.java:1001)\n\tat com.ibm.ws.webcontainer.filter.WebAppFilterManager.invokeFilters(WebAppFilterManager.java:1139)\n\tat com.ibm.ws.webcontainer.webapp.WebApp.handleRequest(WebApp.java:5057)\n\tat com.ibm.ws.webcontainer.osgi.DynamicVirtualHost$2.handleRequest(DynamicVirtualHost.java:314)\n\tat com.ibm.ws.webcontainer.WebContainer.handleRequest(WebContainer.java:1006)\n\tat com.ibm.ws.webcontainer.osgi.DynamicVirtualHost$2.run(DynamicVirtualHost.java:279)\n\tat com.ibm.ws.http.dispatcher.internal.channel.HttpDispatcherLink$TaskWrapper.run(HttpDispatcherLink.java:1146)\n\tat com.ibm.ws.http.dispatcher.internal.channel.HttpDispatcherLink.wrapHandlerAndExecute(HttpDispatcherLink.java:427)\n\tat com.ibm.ws.http.dispatcher.internal.channel.HttpDispatcherLink.ready(HttpDispatcherLink.java:386)\n\tat com.ibm.ws.http.channel.internal.inbound.HttpInboundLink.handleDiscrimination(HttpInboundLink.java:566)\n\tat com.ibm.ws.http.channel.internal.inbound.HttpInboundLink.handleNewRequest(HttpInboundLink.java:500)\n\tat com.ibm.ws.http.channel.internal.inbound.HttpInboundLink.processRequest(HttpInboundLink.java:360)\n\tat com.ibm.ws.http.channel.internal.inbound.HttpInboundLink.ready(HttpInboundLink.java:327)\n\tat com.ibm.ws.tcpchannel.internal.NewConnectionInitialReadCallback.sendToDiscriminators(NewConnectionInitialReadCallback.java:167)\n\tat com.ibm.ws.tcpchannel.internal.NewConnectionInitialReadCallback.complete(NewConnectionInitialReadCallback.java:75)\n\tat com.ibm.ws.tcpchannel.internal.WorkQueueManager.requestComplete(WorkQueueManager.java:504)\n\tat com.ibm.ws.tcpchannel.internal.WorkQueueManager.attemptIO(WorkQueueManager.java:574)\n\tat com.ibm.ws.tcpchannel.internal.WorkQueueManager.workerRun(WorkQueueManager.java:958)\n\tat com.ibm.ws.tcpchannel.internal.WorkQueueManager$Worker.run(WorkQueueManager.java:1047)\n\tat com.ibm.ws.threading.internal.ExecutorServiceImpl$RunnableWrapper.run(ExecutorServiceImpl.java:238)\n\tat datadog.trace.bootstrap.instrumentation.java.concurrent.Wrapper.run(Wrapper.java:25)\n\tat java.base/java.util.concurrent.ThreadPoolExecutor.runWorker(ThreadPoolExecutor.java:1128)\n\tat java.base/java.util.concurrent.ThreadPoolExecutor$Worker.run(ThreadPoolExecutor.java:628)\n\tat java.base/java.lang.Thread.run(Thread.java:834)\n"
           "servlet.path" "/randomEndpoint"
           "error.type" "org.springframework.http.converter.HttpMessageNotWritableException"}
   "metrics" {"_dd.agent_psr" 1.0
              "_dd.measured" 1
              "_sampling_priority_v1" 1
              "peer.port" 57798
              "thread.id" 62
              "_dd.top_level" 1}}
      {"name" "spring.handler"
       "service" "smoke-test-java-app"
       "resource" "ResourceHttpRequestHandler.handleRequest"
       "type" "web"
       "error" 0
       "span_id" 1
       "trace_id" 0
       "parent_id" 0
       "start" 1618011723924004493
       "duration" 110602155
       "meta" {"env" "smoketest"
               "language" "jvm"
               "version" "99"
               "thread.name" "Default Executor-thread-13"
               "component" "spring-web-controller"
               "span.kind" "server"}
       "metrics" {"_dd.measured" 1
                  "thread.id" 62}}
          {"name" "servlet.response"
           "service" "smoke-test-java-app"
           "resource" "HttpServletResponse.sendError"
           "type" nil
           "error" 0
           "span_id" 2
           "trace_id" 0
           "parent_id" 1
           "start" 1618011723924915643
           "duration" 109442864
           "meta" {"env" "smoketest"
                   "version" "99"
                   "thread.name" "Default Executor-thread-13"
                   "component" "java-web-servlet-response"}
           "metrics" {"thread.id" 62}}
              {"name" "servlet.forward"
               "service" "smoke-test-java-app"
               "resource" "GET /error"
               "type" "web"
               "error" 0
               "span_id" 3
               "trace_id" 0
               "parent_id" 2
               "start" 1618011723956231342
               "duration" 75162908
               "meta" {"env" "smoketest"
                       "version" "99"
                       "http.route" "/error"
                       "thread.name" "Default Executor-thread-13"
                       "error.msg" "No converter for [class java.util.LinkedHashMap] with preset Content-Type 'text/html;charset=UTF-8'"
                       "error.stack" "org.springframework.http.converter.HttpMessageNotWritableException: No converter for [class java.util.LinkedHashMap] with preset Content-Type 'text/html;charset=UTF-8'\n\tat org.springframework.web.servlet.mvc.method.annotation.AbstractMessageConverterMethodProcessor.writeWithMessageConverters(AbstractMessageConverterMethodProcessor.java:309)\n\tat org.springframework.web.servlet.mvc.method.annotation.HttpEntityMethodProcessor.handleReturnValue(HttpEntityMethodProcessor.java:219)\n\tat org.springframework.web.method.support.HandlerMethodReturnValueHandlerComposite.handleReturnValue(HandlerMethodReturnValueHandlerComposite.java:82)\n\tat org.springframework.web.servlet.mvc.method.annotation.ServletInvocableHandlerMethod.invokeAndHandle(ServletInvocableHandlerMethod.java:123)\n\tat org.springframework.web.servlet.mvc.method.annotation.RequestMappingHandlerAdapter.invokeHandlerMethod(RequestMappingHandlerAdapter.java:879)\n\tat org.springframework.web.servlet.mvc.method.annotation.RequestMappingHandlerAdapter.handleInternal(RequestMappingHandlerAdapter.java:793)\n\tat org.springframework.web.servlet.mvc.method.AbstractHandlerMethodAdapter.handle(AbstractHandlerMethodAdapter.java:87)\n\tat org.springframework.web.servlet.DispatcherServlet.doDispatch(DispatcherServlet.java:1040)\n\tat org.springframework.web.servlet.DispatcherServlet.doService(DispatcherServlet.java:943)\n\tat org.springframework.web.servlet.FrameworkServlet.processRequest(FrameworkServlet.java:1006)\n\tat org.springframework.web.servlet.FrameworkServlet.doGet(FrameworkServlet.java:898)\n\tat javax.servlet.http.HttpServlet.service(HttpServlet.java:686)\n\tat org.springframework.web.servlet.FrameworkServlet.service(FrameworkServlet.java:883)\n\tat javax.servlet.http.HttpServlet.service(HttpServlet.java:791)\n\tat com.ibm.ws.webcontainer.servlet.ServletWrapper.service(ServletWrapper.java:1257)\n\tat com.ibm.ws.webcontainer.servlet.ServletWrapper.handleRequest(ServletWrapper.java:745)\n\tat com.ibm.ws.webcontainer.servlet.ServletWrapper.handleRequest(ServletWrapper.java:442)\n\tat com.ibm.ws.webcontainer.filter.WebAppFilterChain.invokeTarget(WebAppFilterChain.java:182)\n\tat com.ibm.ws.webcontainer.filter.WebAppFilterChain.doFilter(WebAppFilterChain.java:78)\n\tat com.ibm.ws.webcontainer.filter.WebAppFilterManager.doFilter(WebAppFilterManager.java:1001)\n\tat com.ibm.ws.webcontainer.filter.WebAppFilterManager.invokeFilters(WebAppFilterManager.java:1139)\n\tat com.ibm.ws.webcontainer.filter.WebAppFilterManager.invokeFilters(WebAppFilterManager.java:1010)\n\tat com.ibm.ws.webcontainer.webapp.WebAppRequestDispatcher.dispatch(WebAppRequestDispatcher.java:1410)\n\tat com.ibm.ws.webcontainer.webapp.WebAppRequestDispatcher.forward(WebAppRequestDispatcher.java:171)\n\tat com.ibm.ws.webcontainer.webapp.WebApp.sendError(WebApp.java:4350)\n\tat com.ibm.ws.webcontainer.webapp.WebAppDispatcherContext.sendError(WebAppDispatcherContext.java:647)\n\tat com.ibm.ws.webcontainer.webapp.WebAppDispatcherContext.sendError(WebAppDispatcherContext.java:657)\n\tat com.ibm.ws.webcontainer.srt.SRTServletResponse.sendError(SRTServletResponse.java:1334)\n\tat com.ibm.ws.webcontainer.srt.SRTServletResponse.sendError(SRTServletResponse.java:1310)\n\tat org.springframework.web.servlet.resource.ResourceHttpRequestHandler.handleRequest(ResourceHttpRequestHandler.java:488)\n\tat org.springframework.web.servlet.mvc.HttpRequestHandlerAdapter.handle(HttpRequestHandlerAdapter.java:53)\n\tat org.springframework.web.servlet.DispatcherServlet.doDispatch(DispatcherServlet.java:1040)\n\tat org.springframework.web.servlet.DispatcherServlet.doService(DispatcherServlet.java:943)\n\tat org.springframework.web.servlet.FrameworkServlet.processRequest(FrameworkServlet.java:1006)\n\tat org.springframework.web.servlet.FrameworkServlet.doGet(FrameworkServlet.java:898)\n\tat javax.servlet.http.HttpServlet.service(HttpServlet.java:686)\n\tat org.springframework.web.servlet.FrameworkServlet.service(FrameworkServlet.java:883)\n\tat javax.servlet.http.HttpServlet.service(HttpServlet.java:791)\n\tat com.ibm.ws.webcontainer.servlet.ServletWrapper.service(ServletWrapper.java:1257)\n\tat com.ibm.ws.webcontainer.servlet.ServletWrapper.handleRequest(ServletWrapper.java:745)\n\tat com.ibm.ws.webcontainer.servlet.ServletWrapper.handleRequest(ServletWrapper.java:442)\n\tat com.ibm.ws.webcontainer.filter.WebAppFilterChain.invokeTarget(WebAppFilterChain.java:182)\n\tat com.ibm.ws.webcontainer.filter.WebAppFilterChain.doFilter(WebAppFilterChain.java:93)\n\tat org.springframework.web.filter.RequestContextFilter.doFilterInternal(RequestContextFilter.java:100)\n\tat org.springframework.web.filter.OncePerRequestFilter.doFilter(OncePerRequestFilter.java:119)\n\tat com.ibm.ws.webcontainer.filter.FilterInstanceWrapper.doFilter(FilterInstanceWrapper.java:201)\n\tat com.ibm.ws.webcontainer.filter.WebAppFilterChain.doFilter(WebAppFilterChain.java:90)\n\tat org.springframework.web.filter.FormContentFilter.doFilterInternal(FormContentFilter.java:93)\n\tat org.springframework.web.filter.OncePerRequestFilter.doFilter(OncePerRequestFilter.java:119)\n\tat com.ibm.ws.webcontainer.filter.FilterInstanceWrapper.doFilter(FilterInstanceWrapper.java:201)\n\tat com.ibm.ws.webcontainer.filter.WebAppFilterChain.doFilter(WebAppFilterChain.java:90)\n\tat datadog.trace.instrumentation.springweb.HandlerMappingResourceNameFilter.doFilterInternal(HandlerMappingResourceNameFilter.java:49)\n\tat org.springframework.web.filter.OncePerRequestFilter.doFilter(OncePerRequestFilter.java:119)\n\tat com.ibm.ws.webcontainer.filter.FilterInstanceWrapper.doFilter(FilterInstanceWrapper.java:201)\n\tat com.ibm.ws.webcontainer.filter.WebAppFilterChain.doFilter(WebAppFilterChain.java:90)\n\tat org.springframework.boot.actuate.metrics.web.servlet.WebMvcMetricsFilter.doFilterInternal(WebMvcMetricsFilter.java:109)\n\tat org.springframework.web.filter.OncePerRequestFilter.doFilter(OncePerRequestFilter.java:119)\n\tat com.ibm.ws.webcontainer.filter.FilterInstanceWrapper.doFilter(FilterInstanceWrapper.java:201)\n\tat com.ibm.ws.webcontainer.filter.WebAppFilterChain.doFilter(WebAppFilterChain.java:90)\n\tat org.springframework.web.filter.CharacterEncodingFilter.doFilterInternal(CharacterEncodingFilter.java:201)\n\tat org.springframework.web.filter.OncePerRequestFilter.doFilter(OncePerRequestFilter.java:119)\n\tat com.ibm.ws.webcontainer.filter.FilterInstanceWrapper.doFilter(FilterInstanceWrapper.java:201)\n\tat com.ibm.ws.webcontainer.filter.WebAppFilterChain.doFilter(WebAppFilterChain.java:90)\n\tat com.ibm.ws.webcontainer.filter.WebAppFilterManager.doFilter(WebAppFilterManager.java:1001)\n\tat com.ibm.ws.webcontainer.filter.WebAppFilterManager.invokeFilters(WebAppFilterManager.java:1139)\n\tat com.ibm.ws.webcontainer.webapp.WebApp.handleRequest(WebApp.java:5057)\n\tat com.ibm.ws.webcontainer.osgi.DynamicVirtualHost$2.handleRequest(DynamicVirtualHost.java:314)\n\tat com.ibm.ws.webcontainer.WebContainer.handleRequest(WebContainer.java:1006)\n\tat com.ibm.ws.webcontainer.osgi.DynamicVirtualHost$2.run(DynamicVirtualHost.java:279)\n\tat com.ibm.ws.http.dispatcher.internal.channel.HttpDispatcherLink$TaskWrapper.run(HttpDispatcherLink.java:1146)\n\tat com.ibm.ws.http.dispatcher.internal.channel.HttpDispatcherLink.wrapHandlerAndExecute(HttpDispatcherLink.java:427)\n\tat com.ibm.ws.http.dispatcher.internal.channel.HttpDispatcherLink.ready(HttpDispatcherLink.java:386)\n\tat com.ibm.ws.http.channel.internal.inbound.HttpInboundLink.handleDiscrimination(HttpInboundLink.java:566)\n\tat com.ibm.ws.http.channel.internal.inbound.HttpInboundLink.handleNewRequest(HttpInboundLink.java:500)\n\tat com.ibm.ws.http.channel.internal.inbound.HttpInboundLink.processRequest(HttpInboundLink.java:360)\n\tat com.ibm.ws.http.channel.internal.inbound.HttpInboundLink.ready(HttpInboundLink.java:327)\n\tat com.ibm.ws.tcpchannel.internal.NewConnectionInitialReadCallback.sendToDiscriminators(NewConnectionInitialReadCallback.java:167)\n\tat com.ibm.ws.tcpchannel.internal.NewConnectionInitialReadCallback.complete(NewConnectionInitialReadCallback.java:75)\n\tat com.ibm.ws.tcpchannel.internal.WorkQueueManager.requestComplete(WorkQueueManager.java:504)\n\tat com.ibm.ws.tcpchannel.internal.WorkQueueManager.attemptIO(WorkQueueManager.java:574)\n\tat com.ibm.ws.tcpchannel.internal.WorkQueueManager.workerRun(WorkQueueManager.java:958)\n\tat com.ibm.ws.tcpchannel.internal.WorkQueueManager$Worker.run(WorkQueueManager.java:1047)\n\tat com.ibm.ws.threading.internal.ExecutorServiceImpl$RunnableWrapper.run(ExecutorServiceImpl.java:238)\n\tat datadog.trace.bootstrap.instrumentation.java.concurrent.Wrapper.run(Wrapper.java:25)\n\tat java.base/java.util.concurrent.ThreadPoolExecutor.runWorker(ThreadPoolExecutor.java:1128)\n\tat java.base/java.util.concurrent.ThreadPoolExecutor$Worker.run(ThreadPoolExecutor.java:628)\n\tat java.base/java.lang.Thread.run(Thread.java:834)\n"
                       "component" "java-web-servlet-dispatcher"
                       "error.type" "org.springframework.http.converter.HttpMessageNotWritableException"}
               "metrics" {"thread.id" 62}}
                  {"name" "spring.handler"
                   "service" "smoke-test-java-app"
                   "resource" "BasicErrorController.error"
                   "type" "web"
                   "error" 1
                   "span_id" 4
                   "trace_id" 0
                   "parent_id" 3
                   "start" 1618011723960875444
                   "duration" 5819768
                   "meta" {"env" "smoketest"
                           "language" "jvm"
                           "version" "99"
                           "component" "spring-web-controller"
                           "error.msg" "No converter for [class java.util.LinkedHashMap] with preset Content-Type 'text/html;charset=UTF-8'"
                           "thread.name" "Default Executor-thread-13"
                           "span.kind" "server"
                           "error.stack" "org.springframework.http.converter.HttpMessageNotWritableException: No converter for [class java.util.LinkedHashMap] with preset Content-Type 'text/html;charset=UTF-8'\n\tat org.springframework.web.servlet.mvc.method.annotation.AbstractMessageConverterMethodProcessor.writeWithMessageConverters(AbstractMessageConverterMethodProcessor.java:309)\n\tat org.springframework.web.servlet.mvc.method.annotation.HttpEntityMethodProcessor.handleReturnValue(HttpEntityMethodProcessor.java:219)\n\tat org.springframework.web.method.support.HandlerMethodReturnValueHandlerComposite.handleReturnValue(HandlerMethodReturnValueHandlerComposite.java:82)\n\tat org.springframework.web.servlet.mvc.method.annotation.ServletInvocableHandlerMethod.invokeAndHandle(ServletInvocableHandlerMethod.java:123)\n\tat org.springframework.web.servlet.mvc.method.annotation.RequestMappingHandlerAdapter.invokeHandlerMethod(RequestMappingHandlerAdapter.java:879)\n\tat org.springframework.web.servlet.mvc.method.annotation.RequestMappingHandlerAdapter.handleInternal(RequestMappingHandlerAdapter.java:793)\n\tat org.springframework.web.servlet.mvc.method.AbstractHandlerMethodAdapter.handle(AbstractHandlerMethodAdapter.java:87)\n\tat org.springframework.web.servlet.DispatcherServlet.doDispatch(DispatcherServlet.java:1040)\n\tat org.springframework.web.servlet.DispatcherServlet.doService(DispatcherServlet.java:943)\n\tat org.springframework.web.servlet.FrameworkServlet.processRequest(FrameworkServlet.java:1006)\n\tat org.springframework.web.servlet.FrameworkServlet.doGet(FrameworkServlet.java:898)\n\tat javax.servlet.http.HttpServlet.service(HttpServlet.java:686)\n\tat org.springframework.web.servlet.FrameworkServlet.service(FrameworkServlet.java:883)\n\tat javax.servlet.http.HttpServlet.service(HttpServlet.java:791)\n\tat com.ibm.ws.webcontainer.servlet.ServletWrapper.service(ServletWrapper.java:1257)\n\tat com.ibm.ws.webcontainer.servlet.ServletWrapper.handleRequest(ServletWrapper.java:745)\n\tat com.ibm.ws.webcontainer.servlet.ServletWrapper.handleRequest(ServletWrapper.java:442)\n\tat com.ibm.ws.webcontainer.filter.WebAppFilterChain.invokeTarget(WebAppFilterChain.java:182)\n\tat com.ibm.ws.webcontainer.filter.WebAppFilterChain.doFilter(WebAppFilterChain.java:78)\n\tat com.ibm.ws.webcontainer.filter.WebAppFilterManager.doFilter(WebAppFilterManager.java:1001)\n\tat com.ibm.ws.webcontainer.filter.WebAppFilterManager.invokeFilters(WebAppFilterManager.java:1139)\n\tat com.ibm.ws.webcontainer.filter.WebAppFilterManager.invokeFilters(WebAppFilterManager.java:1010)\n\tat com.ibm.ws.webcontainer.webapp.WebAppRequestDispatcher.dispatch(WebAppRequestDispatcher.java:1410)\n\tat com.ibm.ws.webcontainer.webapp.WebAppRequestDispatcher.forward(WebAppRequestDispatcher.java:171)\n\tat com.ibm.ws.webcontainer.webapp.WebApp.sendError(WebApp.java:4350)\n\tat com.ibm.ws.webcontainer.webapp.WebAppDispatcherContext.sendError(WebAppDispatcherContext.java:647)\n\tat com.ibm.ws.webcontainer.webapp.WebAppDispatcherContext.sendError(WebAppDispatcherContext.java:657)\n\tat com.ibm.ws.webcontainer.srt.SRTServletResponse.sendError(SRTServletResponse.java:1334)\n\tat com.ibm.ws.webcontainer.srt.SRTServletResponse.sendError(SRTServletResponse.java:1310)\n\tat org.springframework.web.servlet.resource.ResourceHttpRequestHandler.handleRequest(ResourceHttpRequestHandler.java:488)\n\tat org.springframework.web.servlet.mvc.HttpRequestHandlerAdapter.handle(HttpRequestHandlerAdapter.java:53)\n\tat org.springframework.web.servlet.DispatcherServlet.doDispatch(DispatcherServlet.java:1040)\n\tat org.springframework.web.servlet.DispatcherServlet.doService(DispatcherServlet.java:943)\n\tat org.springframework.web.servlet.FrameworkServlet.processRequest(FrameworkServlet.java:1006)\n\tat org.springframework.web.servlet.FrameworkServlet.doGet(FrameworkServlet.java:898)\n\tat javax.servlet.http.HttpServlet.service(HttpServlet.java:686)\n\tat org.springframework.web.servlet.FrameworkServlet.service(FrameworkServlet.java:883)\n\tat javax.servlet.http.HttpServlet.service(HttpServlet.java:791)\n\tat com.ibm.ws.webcontainer.servlet.ServletWrapper.service(ServletWrapper.java:1257)\n\tat com.ibm.ws.webcontainer.servlet.ServletWrapper.handleRequest(ServletWrapper.java:745)\n\tat com.ibm.ws.webcontainer.servlet.ServletWrapper.handleRequest(ServletWrapper.java:442)\n\tat com.ibm.ws.webcontainer.filter.WebAppFilterChain.invokeTarget(WebAppFilterChain.java:182)\n\tat com.ibm.ws.webcontainer.filter.WebAppFilterChain.doFilter(WebAppFilterChain.java:93)\n\tat org.springframework.web.filter.RequestContextFilter.doFilterInternal(RequestContextFilter.java:100)\n\tat org.springframework.web.filter.OncePerRequestFilter.doFilter(OncePerRequestFilter.java:119)\n\tat com.ibm.ws.webcontainer.filter.FilterInstanceWrapper.doFilter(FilterInstanceWrapper.java:201)\n\tat com.ibm.ws.webcontainer.filter.WebAppFilterChain.doFilter(WebAppFilterChain.java:90)\n\tat org.springframework.web.filter.FormContentFilter.doFilterInternal(FormContentFilter.java:93)\n\tat org.springframework.web.filter.OncePerRequestFilter.doFilter(OncePerRequestFilter.java:119)\n\tat com.ibm.ws.webcontainer.filter.FilterInstanceWrapper.doFilter(FilterInstanceWrapper.java:201)\n\tat com.ibm.ws.webcontainer.filter.WebAppFilterChain.doFilter(WebAppFilterChain.java:90)\n\tat datadog.trace.instrumentation.springweb.HandlerMappingResourceNameFilter.doFilterInternal(HandlerMappingResourceNameFilter.java:49)\n\tat org.springframework.web.filter.OncePerRequestFilter.doFilter(OncePerRequestFilter.java:119)\n\tat com.ibm.ws.webcontainer.filter.FilterInstanceWrapper.doFilter(FilterInstanceWrapper.java:201)\n\tat com.ibm.ws.webcontainer.filter.WebAppFilterChain.doFilter(WebAppFilterChain.java:90)\n\tat org.springframework.boot.actuate.metrics.web.servlet.WebMvcMetricsFilter.doFilterInternal(WebMvcMetricsFilter.java:109)\n\tat org.springframework.web.filter.OncePerRequestFilter.doFilter(OncePerRequestFilter.java:119)\n\tat com.ibm.ws.webcontainer.filter.FilterInstanceWrapper.doFilter(FilterInstanceWrapper.java:201)\n\tat com.ibm.ws.webcontainer.filter.WebAppFilterChain.doFilter(WebAppFilterChain.java:90)\n\tat org.springframework.web.filter.CharacterEncodingFilter.doFilterInternal(CharacterEncodingFilter.java:201)\n\tat org.springframework.web.filter.OncePerRequestFilter.doFilter(OncePerRequestFilter.java:119)\n\tat com.ibm.ws.webcontainer.filter.FilterInstanceWrapper.doFilter(FilterInstanceWrapper.java:201)\n\tat com.ibm.ws.webcontainer.filter.WebAppFilterChain.doFilter(WebAppFilterChain.java:90)\n\tat com.ibm.ws.webcontainer.filter.WebAppFilterManager.doFilter(WebAppFilterManager.java:1001)\n\tat com.ibm.ws.webcontainer.filter.WebAppFilterManager.invokeFilters(WebAppFilterManager.java:1139)\n\tat com.ibm.ws.webcontainer.webapp.WebApp.handleRequest(WebApp.java:5057)\n\tat com.ibm.ws.webcontainer.osgi.DynamicVirtualHost$2.handleRequest(DynamicVirtualHost.java:314)\n\tat com.ibm.ws.webcontainer.WebContainer.handleRequest(WebContainer.java:1006)\n\tat com.ibm.ws.webcontainer.osgi.DynamicVirtualHost$2.run(DynamicVirtualHost.java:279)\n\tat com.ibm.ws.http.dispatcher.internal.channel.HttpDispatcherLink$TaskWrapper.run(HttpDispatcherLink.java:1146)\n\tat com.ibm.ws.http.dispatcher.internal.channel.HttpDispatcherLink.wrapHandlerAndExecute(HttpDispatcherLink.java:427)\n\tat com.ibm.ws.http.dispatcher.internal.channel.HttpDispatcherLink.ready(HttpDispatcherLink.java:386)\n\tat com.ibm.ws.http.channel.internal.inbound.HttpInboundLink.handleDiscrimination(HttpInboundLink.java:566)\n\tat com.ibm.ws.http.channel.internal.inbound.HttpInboundLink.handleNewRequest(HttpInboundLink.java:500)\n\tat com.ibm.ws.http.channel.internal.inbound.HttpInboundLink.processRequest(HttpInboundLink.java:360)\n\tat com.ibm.ws.http.channel.internal.inbound.HttpInboundLink.ready(HttpInboundLink.java:327)\n\tat com.ibm.ws.tcpchannel.internal.NewConnectionInitialReadCallback.sendToDiscriminators(NewConnectionInitialReadCallback.java:167)\n\tat com.ibm.ws.tcpchannel.internal.NewConnectionInitialReadCallback.complete(NewConnectionInitialReadCallback.java:75)\n\tat com.ibm.ws.tcpchannel.internal.WorkQueueManager.requestComplete(WorkQueueManager.java:504)\n\tat com.ibm.ws.tcpchannel.internal.WorkQueueManager.attemptIO(WorkQueueManager.java:574)\n\tat com.ibm.ws.tcpchannel.internal.WorkQueueManager.workerRun(WorkQueueManager.java:958)\n\tat com.ibm.ws.tcpchannel.internal.WorkQueueManager$Worker.run(WorkQueueManager.java:1047)\n\tat com.ibm.ws.threading.internal.ExecutorServiceImpl$RunnableWrapper.run(ExecutorServiceImpl.java:238)\n\tat datadog.trace.bootstrap.instrumentation.java.concurrent.Wrapper.run(Wrapper.java:25)\n\tat java.base/java.util.concurrent.ThreadPoolExecutor.runWorker(ThreadPoolExecutor.java:1128)\n\tat java.base/java.util.concurrent.ThreadPoolExecutor$Worker.run(ThreadPoolExecutor.java:628)\n\tat java.base/java.lang.Thread.run(Thread.java:834)\n"
                           "error.type" "org.springframework.http.converter.HttpMessageNotWritableException"}
                   "metrics" {"_dd.measured" 1
                              "_sampling_priority_v1" 1
                              "thread.id" 62}}]]
